# REMOVE ALL SPACES AND TRAILING . /
012721420/XSWX,UBGH
5UH/XETR,HAG
ABA/XETR,JDC
ALLIGOB/XSTO,ALLIG
APETIT/XHEL,APETI
APETIT/XHEL,APETI
APETIT/XHEL,APETI
APETIT/XHEL,APETI
APETIT/XHEL,APETI
APETIT/XHEL,APETI
ATLADKK/XCSE,ATLA
ATLADKK/XCSE,ATLA
ATLADKK/XCSE,ATLA
ATLADKK/XCSE,ATLA
ATLADKK/XCSE,ATLA
ATLADKK/XCSE,ATLA
ATRLJB/XSTO,ATRLB
BACTIB/XSTO,BACTB
BIOPOR/XCSE,BIOPO
BIOPOR/XCSE,BIOPO
BIOPOR/XCSE,BIOPO
BIOPOR/XCSE,BIOPO
BIOPOR/XCSE,BIOPO
BIOPOR/XCSE,BIOPO
BLVISA/XCSE,BLVIS
BLVISA/XCSE,BLVIS
BLVISA/XCSE,BLVIS
BLVISA/XCSE,BLVIS
BLVISA/XCSE,BLVIS
BLVISA/XCSE,BLVIS
BNORDIKCSE/XCSE,BNORD
BNORDIKCSE/XCSE,BNORD
BNORDIKCSE/XCSE,BNORD
BNORDIKCSE/XCSE,BNORD
BNORDIKCSE/XCSE,BNORD
BNORDIKCSE/XCSE,BNORD
BONAVB/XSTO,BONAB
BULTEN/XSTO,BULTE
CAPMAN/XHEL,CAPMA
CAPMAN/XHEL,CAPMA
CAPMAN/XHEL,CAPMA
CAPMAN/XHEL,CAPMA
CAPMAN/XHEL,CAPMA
CAPMAN/XHEL,CAPMA
CBRAIN/XCSE,CBRAI
CBRAIN/XCSE,CBRAI
CBRAIN/XCSE,CBRAI
CBRAIN/XCSE,CBRAI
CBRAIN/XCSE,CBRAI
CBRAIN/XCSE,CBRAI
CNCJOB/XSTO,CNCJB
CONSTI/XHEL,CONST
CONSTI/XHEL,CONST
CONSTI/XHEL,CONST
CONSTI/XHEL,CONST
CONSTI/XHEL,CONST
CONSTI/XHEL,CONST
CPHCAPST/XCSE,CPHCA
CPHCAPST/XCSE,CPHCA
CPHCAPST/XCSE,CPHCA
CPHCAPST/XCSE,CPHCA
CPHCAPST/XCSE,CPHCA
CPHCAPST/XCSE,CPHCA
DANSKE/XCSE,DANSK
DANSKE/XCSE,DANSK
DANSKE/XCSE,DANSK
DANSKE/XCSE,DANSK
DANSKE/XCSE,DANSK
DANSKE/XCSE,DANSK
DEMANT/XCSE,DEMAN
DEMANT/XCSE,DEMAN
DEMANT/XCSE,DEMAN
DEMANT/XCSE,DEMAN
DEMANT/XCSE,DEMAN
DEMANT/XCSE,DEMAN
DIGIGR/XHEL,DIGIG
DIGIGR/XHEL,DIGIG
DIGIGR/XHEL,DIGIG
DIGIGR/XHEL,DIGIG
DIGIGR/XHEL,DIGIG
DIGIGR/XHEL,DIGIG
EMBRACB/XSTO,EMBRB
EMPIRB/XSTO,EMPIR
ENENTO/XHEL,ENENT
ENENTO/XHEL,ENENT
ENENTO/XHEL,ENENT
ENENTO/XHEL,ENENT
ENENTO/XHEL,ENENT
ENENTO/XHEL,ENENT
ESSITYB/XSTO,ESSIB
FELLOW/XHEL,FELLO
FELLOW/XHEL,FELLO
FELLOW/XHEL,FELLO
FELLOW/XHEL,FELLO
FELLOW/XHEL,FELLO
FELLOW/XHEL,FELLO
FFARMS/XCSE,FFARM
FFARMS/XCSE,FFARM
FFARMS/XCSE,FFARM
FFARMS/XCSE,FFARM
FFARMS/XCSE,FFARM
FFARMS/XCSE,FFARM
FORTUM/XHEL,FORTM
FORTUM/XHEL,FORTM
FORTUM/XHEL,FORTM
FORTUM/XHEL,FORTM
FORTUM/XHEL,FORTM
FORTUM/XHEL,FORTM
FPE1/XETR,FPE3
FSECURE/XHEL,FSECU
FSECURE/XHEL,FSECU
FSECURE/XHEL,FSECU
FSECURE/XHEL,FSECU
FSECURE/XHEL,FSECU
FSECURE/XHEL,FSECU
GERHSP/XCSE,GERHS
GERHSP/XCSE,GERHS
GERHSP/XCSE,GERHS
GERHSP/XCSE,GERHS
GERHSP/XCSE,GERHS
GERHSP/XCSE,GERHS
GOFORE/XHEL,GOFOR
GOFORE/XHEL,GOFOR
GOFORE/XHEL,GOFOR
GOFORE/XHEL,GOFOR
GOFORE/XHEL,GOFOR
GOFORE/XHEL,GOFOR
GREENH/XCSE,GREEH
GREENH/XCSE,GREEH
GREENH/XCSE,GREEH
GREENH/XCSE,GREEH
GREENH/XCSE,GREEH
GREENH/XCSE,GREEH
HARVIA/XHEL,HARVI
HARVIA/XHEL,HARVI
HARVIA/XHEL,HARVI
HARVIA/XHEL,HARVI
HARVIA/XHEL,HARVI
HARVIA/XHEL,HARVI
ILKKA2/XHEL,ILKK2
ILKKA2/XHEL,ILKK2
ILKKA2/XHEL,ILKK2
ILKKA2/XHEL,ILKK2
ILKKA2/XHEL,ILKK2
ILKKA2/XHEL,ILKK2
IMMNOV/XSTO,IMMNO
INSTAL/XSTO,INSTA
INTRUM/XSTO,INTRU
INVEST/XHEL,INVES
INVEST/XHEL,INVES
INVEST/XHEL,INVES
INVEST/XHEL,INVES
INVEST/XHEL,INVES
INVEST/XHEL,INVES
KEMIRA/XHEL,KEMIR
KEMIRA/XHEL,KEMIR
KEMIRA/XHEL,KEMIR
KEMIRA/XHEL,KEMIR
KEMIRA/XHEL,KEMIR
KEMIRA/XHEL,KEMIR
KESKOB/XHEL,KESKB
KESKOB/XHEL,KESKB
KESKOB/XHEL,KESKB
KESKOB/XHEL,KESKB
KESKOB/XHEL,KESKB
KESKOB/XHEL,KESKB
KFASTB/XSTO,KFASB
KINDSDB/XSTO,KIND
KLARAB/XSTO,KLARB
KOJAMO/XHEL,KOJAM
KOJAMO/XHEL,KOJAM
KOJAMO/XHEL,KOJAM
KOJAMO/XHEL,KOJAM
KOJAMO/XHEL,KOJAM
KOJAMO/XHEL,KOJAM
LIFCOB/XSTO,LIFCB
LOOMIS/XSTO,LOOMI
LUXORB/XCSE,LUXOB
LUXORB/XCSE,LUXOB
LUXORB/XCSE,LUXOB
LUXORB/XCSE,LUXOB
LUXORB/XCSE,LUXOB
LUXORB/XCSE,LUXOB
MAERSKB/XCSE,MAERB
MAERSKB/XCSE,MAERB
MAERSKB/XCSE,MAERB
MAERSKB/XCSE,MAERB
MAERSKB/XCSE,MAERB
MAERSKB/XCSE,MAERB
MOCORP/XHEL,MOCOR
MOCORP/XHEL,MOCOR
MOCORP/XHEL,MOCOR
MOMENT/XSTO,MOMEN
NDASE/XSTO,NDA
NDIB1KL1/XCSE,NDIB1
NDIGUAKL1/XCSE,NDIGU
NEWCAP/XCSE,NEWCA
NEWCAP/XCSE,NEWCA
NEWCAP/XCSE,NEWCA
NORDIC/XCSE,NORDI
NORDIC/XCSE,NORDI
NORDIC/XCSE,NORDI
NORTHM/XCSE,NORTH
NORTHM/XCSE,NORTH
NORTHM/XCSE,NORTH
OPTOMED/XHEL,OPTOM
OPTOMED/XHEL,OPTOM
OPTOMED/XHEL,OPTOM
ORSTED/XCSE,ORSTE
ORSTED/XCSE,ORSTE
ORSTED/XCSE,ORSTE
PARKEN/XCSE,PARKE
PARKEN/XCSE,PARKE
PARKEN/XCSE,PARKE
PARKSTA/XCSE,PARKA
PARKSTA/XCSE,PARKA
PARKSTA/XCSE,PARKA
PIERCE/XSTO,PIERC
PIHLIS/XHEL,PIHLI
PIHLIS/XHEL,PIHLI
PIHLIS/XHEL,PIHLI
PNDORA/XCSE,PNDOR
PNDORA/XCSE,PNDOR
PNDORA/XCSE,PNDOR
PRIMOF/XCSE,PRIMO
PRIMOF/XCSE,PRIMO
PRIMOF/XCSE,PRIMO
PUUILO/XHEL,PUUIL
PUUILO/XHEL,PUUIL
PUUILO/XHEL,PUUIL
QLINEA/XSTO,QLINE
RESURS/XSTO,RESUR
RIZZOB/XSTO,RIZZB
SANION/XSTO,SANIO
SANOMA/XHEL,SANOM
SANOMA/XHEL,SANOM
SANOMA/XHEL,SANOM
SANT/XETR,KTN
SCANFL/XHEL,SCANF
SCANFL/XHEL,SCANF
SCANFL/XHEL,SCANF
SDRL/XOSL,SDRM
SDRL/XOSL,SDRM
SDRL/XOSL,SDRM
SOLARB/XCSE,SOLAB
SOLARB/XCSE,SOLAB
SOLARB/XCSE,SOLAB
SOLTEQ/XHEL,SOLTE
SOLTEQ/XHEL,SOLTE
SOLTEQ/XHEL,SOLTE
SPKSJF/XCSE,SPKSJ
SPKSJF/XCSE,SPKSJ
SPKSJF/XCSE,SPKSJ
SRNKEB/XSTO,SRNKB
STOCKA/XHEL,STOCK
STOCKA/XHEL,STOCK
STOCKA/XHEL,STOCK
STORB/XSTO,STORC
STRINV/XCSE,STRIN
STRINV/XCSE,STRIN
STRINV/XCSE,STRIN
SYIKOADKK/XCSE,SYIKO
SYNSAM/XSTO,SYNSA
TFBANK/XSTO,TFBAN
TOKMAN/XHEL,TOKMA
TOKMAN/XHEL,TOKMA
TOKMAN/XHEL,TOKMA
TRIFOR/XCSE,TRIFO
TRIFOR/XCSE,TRIFO
TRIFOR/XCSE,TRIFO
UPONOR/XHEL,UPONO
UPONOR/XHEL,UPONO
UPONOR/XHEL,UPONO
VOLCARB/XSTO,VOLCB
VPLAYB/XSTO,VPLAB
VSSABB/XSTO,VSSAB
XBRANE/XSTO,XBRAN
XSPRAY/XSTO,XSPRA